Creating an optimized production build...
Compiled successfully.

File sizes after gzip:

  363.7 kB (-6 B)  build\static\js\main.ffd41f90.js
  20.8 kB (-38 B)  build\static\css\main.8bd230ec.css

The project was built assuming it is hosted at /.
You can control this with the homepage field in your package.json.

The build folder is ready to be deployed.
You may serve it with a static server:

  npm install -g serve
  serve -s build

Find out more about deployment here:

  https://cra.link/deployment

